C:\Users\andre.vianna\.nuget\packages\microsoft.testing.platform.msbuild\1.9.0\buildMultiTargeting\Microsoft.Testing.Platform.MSBuild.targets(376,5): warning MTP0001: VSTest-specific properties are set but will be ignored when using Microsoft.Testing.Platform. The following properties are set: VSTestTestAdapterPath; VSTestLogger; . [C:\Projects\Personal\VTTTools\Source\AssetImageManager.UnitTests\VttTools.AssetImageManager.UnitTests.csproj]
  Run tests: 'C:\Projects\Personal\VTTTools\Source\AssetImageManager.UnitTests\bin\Debug\net10.0\VttTools.AssetImageManager.UnitTests.dll' [net10.0|x64]
  Failed! - Failed: 14, Passed: 111, Skipped: 0, Total: 125, Duration: 646ms - VttTools.AssetImageManager.UnitTests.dll (net10.0|x64)
C:\Projects\Personal\VTTTools\Source\AssetImageManager.UnitTests\bin\Debug\net10.0\VttTools.AssetImageManager.UnitTests.dll : error run failed: Tests failed: 'C:\Projects\Personal\VTTTools\Source\AssetImageManager.UnitTests\bin\Debug\net10.0\TestResults\VttTools.AssetImageManager.UnitTests_net10.0_x64.log' [net10.0|x64] [C:\Projects\Personal\VTTTools\Source\AssetImageManager.UnitTests\VttTools.AssetImageManager.UnitTests.csproj]
